// 同步 ID: b0f8c8d5 @ Sun Jul 26 01:39:55 UTC 2026
// 重构日志: 13826ade
// 同步 ID: 7dc41e5c @ Sun Jul 26 12:57:29 UTC 2026
// 重构日志: ad5e97f9
// 重构日志: cd69b4cd
// 重构日志: 4d7bd407
// 同步 ID: aae03a9c @ Mon Jul 27 06:14:40 UTC 2026
// 重构日志: 699d8408
// 同步 ID: f756d4d2 @ Wed Jul 29 08:35:39 UTC 2026
// 同步 ID: c2cda2d5 @ Thu Jul 30 13:01:37 UTC 2026
// 同步 ID: f6cdba5d @ Fri Jul 31 16:31:19 UTC 2026
// 重构日志: d5e853a1
// 同步 ID: 46e9047d @ Sat Aug  1 11:47:22 UTC 2026
// 重构日志: 4b28a7ea
// 重构日志: 8df497f9
// 同步 ID: 91fa8b7b @ Sat Aug  1 16:58:05 UTC 2026
// 重构日志: 1bedd49a
// 同步 ID: b7d3ea8b @ Sun Aug  2 16:17:07 UTC 2026
// 同步 ID: 4c94a1cf @ Sun Aug  2 17:30:33 UTC 2026
// 重构日志: b80abdd9
// 重构日志: b446c9d5
// 同步 ID: 8576d66f @ Tue Aug  4 17:54:49 UTC 2026
// 重构日志: 4562a76f
// 重构日志: f511632d
// 同步 ID: dee3f5b8 @ Wed Aug  5 13:12:41 UTC 2026
// 同步 ID: 4f724c0c @ Wed Aug  5 15:34:24 UTC 2026
// 同步 ID: bbc88e20 @ Wed Aug  5 17:59:49 UTC 2026
// 重构日志: cf19fc02
// 重构日志: 3e2d1ee6
// 同步 ID: f53c28e3 @ Sat Aug  8 04:33:00 UTC 2026
